// Jest Snapshot v1, https://goo.gl/fbAQLP

exports[`Ribbon renders correctly 1`] = `
<div
  class="sc-bdVaJa XpfBE"
>
  <i
    class="sc-bwzfXH ibtxQC"
  >
    demo
  </i>
</div>
`;
